[backblue.gif]
[fade.gif]
[index.html]
[tagtag.com/site/emulator/emulator_public.1.delayed]
[tagtag.com/js/emulator/emulator_public.js]
[www.coptic.org/language/title.jpg]
[external.html]
[www.coptic.org/language/overview.pdf]
[www.coptic.org/language/pisent.pdf]
[www.coptic.org/language/pisentnotes.pdf]
[www.coptic.org/language/Budge-Apocrypha.pdf]
[www.coptic.org/language/copticmanuscript00crumuoft.pdf]
[www.coptic.org/language/linguisticessays00abelrich_bw.pdf]
[www.coptic.org/language/martyrdommiracle00budguoft.pdf]
[www.coptic.org/language/miscellaneouscop00budguoft.pdf]
[www.coptic.org/language/wadisargacopticg00crumuoft.pdf]
[www.coptic.org/language/t3.jpg]
[www.coptic.org/language/index2.html]
[www.coptic.org/language/index.html]
[www.coptic.org/language/index1.html]
[www.coptic.org/language/index3.html]
[www.coptic.org/language/index4.html]
[www.coptic.org/language/index5.html]
[www.coptic.org/language/Isaak.htm]
[www.coptic.org/language/kamy.html]
[www.coptic.org/language/onnophrios.html]
[www.coptic.org/language/Shenoute.html]
[www.coptic.org/language/Archellides.html]
[www.coptic.org/language/antioch.htm]
[www.coptic.org/language/petros.htm]
[www.coptic.org/language/apanoub.htm]
[www.coptic.org/language/Pachoam.html]
[www.coptic.org/language/pirwmeoc.html]
[www.coptic.org/language/Mercurs1.htm]
[www.coptic.org/language/Paul.html]
[www.coptic.org/language/athanasanthony.html]
[www.coptic.org/language/passio.html]
[www.coptic.org/language/carpenter.html]
[www.coptic.org/language/phanidjoit.html]
[www.coptic.org/language/michel.html]
[www.coptic.org/language/Kimi.htm]
[www.coptic.org/language/rwmill.html]
[www.coptic.org/language/Story.htm]
[www.coptic.org/language/Erphei.htm]
[www.coptic.org/language/soni.htm]
[www.coptic.org/language/etshoti.html]
[www.coptic.org/language/dioscorus.html]
[www.coptic.org/language/cyril.html]
[www.coptic.org/language/bylla.html]
[www.coptic.org/language/Athanase.html]
[www.coptic.org/language/Ant-Atha-Meet.html]
[www.coptic.org/language/Shnti.html]
[www.coptic.org/language/othrs.html]
[www.coptic.org/language/schenute.html]
[www.coptic.org/language/cmclshenoute.htm]
[www.coptic.org/language/sayings.html]
[www.coptic.org/language/silvanos.htm]
[www.coptic.org/language/emeperfiu.html]
[www.coptic.org/language/pachomian.html]
[www.coptic.org/language/Penyoat.htm]
[www.coptic.org/language/sqa.htm]
[www.coptic.org/language/hanfoji.html]
[www.coptic.org/language/philosophia.html]
[www.coptic.org/language/Contemporarydoxologies.html]
[www.coptic.org/language/contemporary.html]
[www.coptic.org/language/hansma.html]
[www.coptic.org/language/calendar1717.htm]
[www.coptic.org/language/acknoledge.html]
[www.coptic.org/language/Patron/index.html]
[www.coptic.org/language/shadje.html]
[www.coptic.org/language/FAQ.html]
[www.coptic.org/language/keft.htm]
[tagtag.com/js/emulator/emulator_public.js]
[tagtag.com/js/emulator/emulator_public.js]
[www.coptic.org/language/index.html]
[www.coptic.org/language/keft.htm]
[www.coptic.org/language/FAQ.html]
[www.coptic.org/language/pisentverbs.pdf]
[www.coptic.org/language/Budge-Michael.pdf]
